// Jest Snapshot v1, https://goo.gl/fbAQLP

exports[`<Map /> matches render snapshot 1`] = `
<div
  className="map-holder"
>
  <GoogleMap
    bootstrapURLKeys={
      Object {
        "key": "TestAPIKeyValue",
      }
    }
    debounced={true}
    defaultCenter={
      Object {
        "lat": 32.789008,
        "lng": -79.932115,
      }
    }
    defaultZoom={16}
    distanceToMouse={[Function]}
    googleMapLoader={[Function]}
    hoverDistance={30}
    layerTypes={Array []}
    onClick={[Function]}
    options={[Function]}
    style={
      Object {
        "height": "100%",
        "margin": 0,
        "padding": 0,
        "position": "relative",
        "width": "100%",
      }
    }
    yesIWantToUseGoogleMapApiInternals={false}
  />
</div>
`;
