// Jest Snapshot v1, https://goo.gl/fbAQLP

exports[`<Navbar /> matches render snapshot 1`] = `
<div
  className="nav"
>
  <div
    className="dt w-100 pa2"
  >
    <div
      className="nav__title"
    >
      Eat Drink Healthy
    </div>
    <div
      className="dtc v-mid w-75 tr"
    >
      <span>
        <a
          className="dib f5 link dim ma1 mb2 ph3 pv2 ba bw2 br3 white bg-purple b--purple"
          href="/sidebar?action=signup"
          id="joinLink"
          onClick={[Function]}
        >
          JOIN
        </a>
        <a
          className="dib f5 link dim ma1 mb2 ph3 pv2 ba bw2 br3 b--purple"
          href="/sidebar?action=login"
          id="loginLink"
          onClick={[Function]}
        >
          LOG IN
        </a>
      </span>
    </div>
  </div>
</div>
`;
