// Jest Snapshot v1, https://goo.gl/fbAQLP

exports[`<Navbar /> matches render snapshot 1`] = `
<div
  className="nav container-fluid"
  id="navbar"
>
  <div
    className="container"
  >
    <div
      className="row"
    >
      <div
        className="col-xs-4"
        offset={4}
      >
        <img
          alt="Eat Drink Healthy logo"
          className="nav__logo"
          src="/images/EDH-logo.png"
        />
        <div
          className="nav__title"
        >
          Eat Drink Healthy
        </div>
      </div>
      <div
        className="col-xs-4"
      >
        <span>
          <a
            className="btn join_button"
            href="/sidebar?action=signup"
            id="joinLink"
            onClick={[Function]}
          >
            JOIN
          </a>
          <a
            className="btn log_in_out_button"
            href="/sidebar?action=login"
            id="loginLink"
            onClick={[Function]}
          >
            LOG IN
          </a>
        </span>
      </div>
    </div>
  </div>
</div>
`;
