// Jest Snapshot v1, https://goo.gl/fbAQLP

exports[`<Navbar /> matches render snapshot 1`] = `
<div
  className="nav"
  id="navbar"
>
  <div
    className=""
  >
    <div
      className="nav__title"
    >
      Eat Drink Healthy
    </div>
    <div
      className=""
    >
      <span>
        <a
          className=""
          href="/sidebar?action=signup"
          id="joinLink"
          onClick={[Function]}
        >
          JOIN
        </a>
        <a
          className=""
          href="/sidebar?action=login"
          id="loginLink"
          onClick={[Function]}
        >
          LOG IN
        </a>
      </span>
    </div>
  </div>
</div>
`;
