exports[`<Sidebar /> matches render snapshot 1`] = `
<div
  className="sidebar">
  <a
    onClick={[Function]}
    style={Object {}}>
    Home
  </a>
  <div
    className="logo" />
  <div
    className="pitch">
    A platform to find, share, and discuss healthy places to shop and eat.
  </div>
  <div
    className="get-started">
    Get Started
  </div>
</div>
`;
