// Jest Snapshot v1, https://goo.gl/fbAQLP

exports[`<Sidebar /> matches render snapshot 1`] = `
<div
  className="sidebar"
>
  <a
    href="/"
    onClick={[Function]}
  >
    Home
  </a>
  <div
    className="logo"
  />
  <div
    className="pitch"
  >
    A platform to find, share, and discuss healthy places to shop and eat.
  </div>
  <div
    className="get-started"
  >
    Get Started
  </div>
  <div
    className="pt2 pl4 pr4 pb4"
  >
    <form
      className="measure center"
    >
      <fieldset
        className="ba b--transparent ph0 mh0"
        id="sign_up"
      >
        <legend
          className="f4 fw6 ph0 mh0"
        >
          Sign In
        </legend>
        <div
          className="mt3"
        >
          <label
            className="db fw6 lh-copy f6"
            htmlFor="email-address"
          >
            Email
          </label>
          <input
            className="pa2 input-reset ba bg-transparent hover-bg-black hover-white w-100"
            id="email-address"
            name="email-address"
            type="email"
          />
        </div>
        <div
          className="mv3"
        >
          <label
            className="db fw6 lh-copy f6"
            htmlFor="password"
          >
            Password
          </label>
          <input
            className="b pa2 input-reset ba bg-transparent hover-bg-black hover-white w-100"
            id="password"
            name="password"
            type="password"
          />
        </div>
        <label
          className="pa0 ma0 lh-copy f6 pointer"
          htmlFor="remember"
        >
          <input
            id="remember"
            type="checkbox"
          />
           Remember me
        </label>
      </fieldset>
      <div
        className=""
      >
        <input
          className="b ph3 pv2 input-reset ba b--black bg-transparent grow pointer f6 dib"
          type="submit"
          value="Sign in"
        />
      </div>
      <div
        className="lh-copy mt3"
      >
        <a
          className="f6 link dim black db"
          href="#0"
        >
          Sign up
        </a>
        <a
          className="f6 link dim black db"
          href="#0"
        >
          Forgot your password?
        </a>
      </div>
    </form>
  </div>
</div>
`;
