// Jest Snapshot v1, https://goo.gl/fbAQLP

exports[`<UserMenu /> matches render snapshot - null username 1`] = `
<span>
  <a
    className="dib f5 link dim ma1 mb2 ph3 pv2 ba bw2 br3 white bg-purple b--purple"
    href="/sidebar"
    id="joinLink"
    onClick={[Function]}
  >
    JOIN
  </a>
  <a
    className="dib f5 link dim ma1 mb2 ph3 pv2 ba bw2 br3 b--purple"
    href="/sidebar"
    id="loginLink"
    onClick={[Function]}
  >
    LOGIN
  </a>
</span>
`;

exports[`<UserMenu /> matches render snapshot - with username 1`] = `
<span>
  <span
    className="f5"
    id="loggedInUser"
  >
    testUser
  </span>
  <a
    className="dib f5 link dim ma1 mb2 ph3 pv2 ba bw2 br3 white bg-purple b--purple"
    id="logoutLink"
    onClick={[Function]}
  >
    Logout
  </a>
</span>
`;
