// Jest Snapshot v1, https://goo.gl/fbAQLP

exports[`<MapWrapper /> matches render snapshot 1`] = `
<Map
  center={
    Object {
      "lat": 32.789008,
      "lng": -79.932115,
    }
  }
  googleMapsApiKey="TestAPIKeyValue"
  selectedVenueId={null}
  setSelectedVenueHandler={[Function]}
  venues={Array []}
  zoom={15}
/>
`;
