// Jest Snapshot v1, https://goo.gl/fbAQLP

exports[`<MapContainer /> <MapWrapper /> matches render snapshot 1`] = `
<Map
  center={
    Object {
      "lat": 32.789008,
      "lng": -79.932115,
    }
  }
  googleMapsApiKey="TestAPIKeyValue"
  onMapChange={[Function]}
  selectedVenueId={null}
  setSelectedVenueHandler={[Function]}
  userLocation={null}
  venues={Array []}
  zoom={3}
/>
`;
